======================================================================
EXPERIMENT LOG  —  UNSEEN_IDS = [1, 10, 12, 19]
Run timestamp : 2026-08-15 03:33:34
VIS_DIR       : /Users/anikghosh/Desktop/test/Zero Shot Learning/visualisations_modified_1_10_12_19
======================================================================

SEEN classes   : ['sitting', 'standing', 'walking', 'running', 'cycling', 'watching TV', 'car driving', 'descending stairs', 'vacuum cleaning', 'ironing', 'folding laundry', 'playing soccer']
UNSEEN classes : ['lying', 'computer work', 'ascending stairs', 'house cleaning']
Train windows  : 4584
Val windows    : 808
Test windows   : 489

Modality gap (mean text-sensor cosine):
  Label-name reference     : ~0.30
  Contrastive TCN (this)   : 0.7854

Approach              Metric           Value  Label-name ref
------------------------------------------------------------
A1 Nearest Proto      Accuracy        0.4458          0.5825
A1 Nearest Proto      Macro F1        0.4022          0.3400
A1 Nearest Proto      Bal Acc         0.5423          0.3400
A2 ISF+Center         Accuracy        0.5215          0.5515
A2 ISF+Center         Macro F1        0.4877          0.3500
A2 ISF+Center         Bal Acc         0.5933          0.3500
A3 Alignment          Accuracy        0.4703          0.4175
A3 Alignment          Macro F1        0.4548          0.3200
A3 Alignment          Bal Acc         0.5789          0.3200

Per-class recall:
  Class                         A1      A2      A3
  --------------------------------------------
  lying                      0.979   0.979   1.000
  computer work              0.254   0.357   0.290
  ascending stairs           0.286   0.333   0.381
  house cleaning             0.651   0.705   0.644

======================================================================