======================================================================
EXPERIMENT LOG  —  UNSEEN_IDS = [5, 13, 16, 18]
Run timestamp : 2026-08-15 02:56:09
VIS_DIR       : /Users/anikghosh/Desktop/test/Zero Shot Learning/visualisations_modified_5_13_16_18
======================================================================

SEEN classes   : ['lying', 'sitting', 'standing', 'walking', 'cycling', 'watching TV', 'computer work', 'car driving', 'ironing', 'house cleaning', 'playing soccer']
UNSEEN classes : ['running', 'descending stairs', 'vacuum cleaning', 'folding laundry']
Train windows  : 4879
Val windows    : 860
Test windows   : 194

Modality gap (mean text-sensor cosine):
  Label-name reference     : ~0.30
  Contrastive TCN (this)   : 0.7834

Approach              Metric           Value  Label-name ref
------------------------------------------------------------
A1 Nearest Proto      Accuracy        0.4175          0.5825
A1 Nearest Proto      Macro F1        0.2808          0.3400
A1 Nearest Proto      Bal Acc         0.2922          0.3400
A2 ISF+Center         Accuracy        0.4227          0.5515
A2 ISF+Center         Macro F1        0.3512          0.3500
A2 ISF+Center         Bal Acc         0.3659          0.3500
A3 Alignment          Accuracy        0.6649          0.4175
A3 Alignment          Macro F1        0.4873          0.3200
A3 Alignment          Bal Acc         0.5229          0.3200

Per-class recall:
  Class                         A1      A2      A3
  --------------------------------------------
  running                    0.000   0.032   0.065
  descending stairs          0.059   0.471   0.588
  vacuum cleaning            0.574   0.426   0.489
  folding laundry            0.535   0.535   0.949

======================================================================