======================================================================
EXPERIMENT LOG  —  UNSEEN_IDS = [1, 2, 3, 4]
Run timestamp : 2026-08-15 02:36:42
VIS_DIR       : /Users/anikghosh/Desktop/test/Zero Shot Learning/visualisations_modified_1_2_3_4
======================================================================

SEEN classes   : ['running', 'cycling', 'watching TV', 'computer work', 'car driving', 'descending stairs', 'vacuum cleaning', 'ironing', 'folding laundry', 'house cleaning', 'playing soccer']
UNSEEN classes : ['lying', 'sitting', 'standing', 'walking']
Train windows  : 3770
Val windows    : 665
Test windows   : 202

Modality gap (mean text-sensor cosine):
  Label-name reference     : ~0.30
  Contrastive TCN (this)   : 0.7689

Approach              Metric           Value  Label-name ref
------------------------------------------------------------
A1 Nearest Proto      Accuracy        0.2327          0.5825
A1 Nearest Proto      Macro F1        0.1026          0.3400
A1 Nearest Proto      Bal Acc         0.2500          0.3400
A2 ISF+Center         Accuracy        0.6634          0.5515
A2 ISF+Center         Macro F1        0.5472          0.3500
A2 ISF+Center         Bal Acc         0.6284          0.3500
A3 Alignment          Accuracy        0.4455          0.4175
A3 Alignment          Macro F1        0.3731          0.3200
A3 Alignment          Bal Acc         0.4128          0.3200

Per-class recall:
  Class                         A1      A2      A3
  --------------------------------------------
  lying                      1.000   0.979   0.043
  sitting                    0.000   0.000   0.386
  standing                   0.000   0.551   0.367
  walking                    0.000   0.984   0.855

======================================================================