======================================================================
EXPERIMENT LOG  —  UNSEEN_IDS = [2, 12, 17, 20]
Run timestamp : 2026-06-08 18:03:20
VIS_DIR       : /Users/anikghosh/Desktop/test/Zero Shot Learning/visualisations_modified_2_12_17_20
======================================================================

SEEN classes   : ['lying', 'standing', 'walking', 'running', 'cycling', 'Nordic walking', 'watching TV', 'computer work', 'car driving', 'descending stairs', 'vacuum cleaning', 'folding laundry', 'house cleaning', 'rope jumping']
UNSEEN classes : ['sitting', 'ascending stairs', 'ironing', 'playing soccer']
Train windows  : 5605
Val windows    : 989
Test windows   : 364

Modality gap (mean text-sensor cosine):
  Label-name reference     : ~0.30
  Contrastive TCN (this)   : 0.8158

Approach              Metric           Value  Label-name ref
------------------------------------------------------------
A1 Nearest Proto      Accuracy        0.4038          0.5825
A1 Nearest Proto      Macro F1        0.3558          0.3400
A1 Nearest Proto      Bal Acc         0.4038          0.3400
A2 ISF+Center         Accuracy        0.5137          0.5515
A2 ISF+Center         Macro F1        0.5056          0.3500
A2 ISF+Center         Bal Acc         0.5137          0.3500
A3 Alignment          Accuracy        0.4808          0.4175
A3 Alignment          Macro F1        0.4787          0.3200
A3 Alignment          Bal Acc         0.4808          0.3200

Per-class recall:
  Class                         A1      A2      A3
  --------------------------------------------
  sitting                    0.451   0.604   0.637
  ascending stairs           0.582   0.418   0.407
  ironing                    0.011   0.319   0.187
  playing soccer             0.571   0.714   0.692

======================================================================