======================================================================
EXPERIMENT LOG  —  UNSEEN_IDS = [5, 13, 16, 18]
Run timestamp : 2026-06-08 17:20:40
VIS_DIR       : /Users/anikghosh/Desktop/test/Zero Shot Learning/visualisations_modified_5_13_16_18
======================================================================

SEEN classes   : ['lying', 'sitting', 'standing', 'walking', 'cycling', 'Nordic walking', 'watching TV', 'computer work', 'car driving', 'ascending stairs', 'ironing', 'house cleaning', 'playing soccer', 'rope jumping']
UNSEEN classes : ['running', 'descending stairs', 'vacuum cleaning', 'folding laundry']
Train windows  : 5930
Val windows    : 1046
Test windows   : 396

Modality gap (mean text-sensor cosine):
  Label-name reference     : ~0.30
  Contrastive TCN (this)   : 0.7952

Approach              Metric           Value  Label-name ref
------------------------------------------------------------
A1 Nearest Proto      Accuracy        0.3939          0.5825
A1 Nearest Proto      Macro F1        0.3532          0.3400
A1 Nearest Proto      Bal Acc         0.3939          0.3400
A2 ISF+Center         Accuracy        0.5429          0.5515
A2 ISF+Center         Macro F1        0.5087          0.3500
A2 ISF+Center         Bal Acc         0.5429          0.3500
A3 Alignment          Accuracy        0.4672          0.4175
A3 Alignment          Macro F1        0.4375          0.3200
A3 Alignment          Bal Acc         0.4672          0.3200

Per-class recall:
  Class                         A1      A2      A3
  --------------------------------------------
  running                    0.000   0.758   0.384
  descending stairs          0.596   0.323   0.091
  vacuum cleaning            0.434   0.152   0.394
  folding laundry            0.545   0.939   1.000

======================================================================