======================================================================
EXPERIMENT LOG  —  UNSEEN_IDS = [5, 6, 12, 24]
Run timestamp : 2026-06-08 18:49:50
VIS_DIR       : /Users/anikghosh/Desktop/test/Zero Shot Learning/visualisations_modified_5_6_12_24
======================================================================

SEEN classes   : ['lying', 'sitting', 'standing', 'walking', 'Nordic walking', 'watching TV', 'computer work', 'car driving', 'descending stairs', 'vacuum cleaning', 'ironing', 'folding laundry', 'house cleaning', 'playing soccer']
UNSEEN classes : ['running', 'cycling', 'ascending stairs', 'rope jumping']
Train windows  : 5990
Val windows    : 1057
Test windows   : 129

Modality gap (mean text-sensor cosine):
  Label-name reference     : ~0.30
  Contrastive TCN (this)   : 0.7950

Approach              Metric           Value  Label-name ref
------------------------------------------------------------
A1 Nearest Proto      Accuracy        0.3333          0.5825
A1 Nearest Proto      Macro F1        0.2307          0.3400
A1 Nearest Proto      Bal Acc         0.3600          0.3400
A2 ISF+Center         Accuracy        0.6124          0.5515
A2 ISF+Center         Macro F1        0.5219          0.3500
A2 ISF+Center         Bal Acc         0.5767          0.3500
A3 Alignment          Accuracy        0.5581          0.4175
A3 Alignment          Macro F1        0.4052          0.3200
A3 Alignment          Bal Acc         0.4600          0.3200

Per-class recall:
  Class                         A1      A2      A3
  --------------------------------------------
  running                    0.000   0.677   0.935
  cycling                    0.440   0.820   0.820
  ascending stairs           1.000   0.810   0.048
  rope jumping               0.000   0.000   0.037

======================================================================