======================================================================
EXPERIMENT LOG  —  UNSEEN_IDS = [1, 10, 12, 19]
Run timestamp : 2026-06-08 22:59:46
VIS_DIR       : /Users/anikghosh/Desktop/test/Zero Shot Learning/visualisations_modified_1_10_12_19
======================================================================

SEEN classes   : ['sitting', 'standing', 'walking', 'running', 'cycling', 'Nordic walking', 'watching TV', 'car driving', 'descending stairs', 'vacuum cleaning', 'ironing', 'folding laundry', 'playing soccer', 'rope jumping']
UNSEEN classes : ['lying', 'computer work', 'ascending stairs', 'house cleaning']
Train windows  : 5313
Val windows    : 937
Test windows   : 1088

Modality gap (mean text-sensor cosine):
  Label-name reference     : ~0.30
  Contrastive TCN (this)   : 0.8158

Approach              Metric           Value  Label-name ref
------------------------------------------------------------
A1 Nearest Proto      Accuracy        0.4596          0.5825
A1 Nearest Proto      Macro F1        0.4325          0.3400
A1 Nearest Proto      Bal Acc         0.4596          0.3400
A2 ISF+Center         Accuracy        0.4366          0.5515
A2 ISF+Center         Macro F1        0.4182          0.3500
A2 ISF+Center         Bal Acc         0.4366          0.3500
A3 Alignment          Accuracy        0.4871          0.4175
A3 Alignment          Macro F1        0.4815          0.3200
A3 Alignment          Bal Acc         0.4871          0.3200

Per-class recall:
  Class                         A1      A2      A3
  --------------------------------------------
  lying                      0.956   0.669   0.665
  computer work              0.283   0.154   0.463
  ascending stairs           0.342   0.599   0.526
  house cleaning             0.257   0.324   0.294

======================================================================